// Jest Snapshot v1, https://goo.gl/fbAQLP

exports[`Search tests Renders correctly 1`] = `
<div>
  <form
    className="search"
  >
    <input
      onChange={[Function]}
      type="text"
      value=""
    />
    <button
      onClick={[Function]}
    >
      Search
    </button>
  </form>
</div>
`;
