// Jest Snapshot v1, https://goo.gl/fbAQLP

exports[`Account summary tests Renders correctly 1`] = `
<div>
  <h1>
    Account
  </h1>
  <p>
    27d3byPxZXKQWfXX7sJvemJJuv5M65F3vjS
  </p>
  <p>
    41935732000000000
  </p>
  <p>
    Devaccount
  </p>
  <div>
    <p>
      Evan
      : 
      88999
    </p>
  </div>
  <h2>
    Transactions
  </h2>
  <div
    style={
      Object {
        "maxHeight": 200,
        "overflow": "auto",
      }
    }
  >
    <div
      itemRenderer={[Function]}
      length={2}
    />
  </div>
</div>
`;
